// Jest Snapshot v1, https://goo.gl/fbAQLP

exports[`DataStorageLibrary #consult gas test [ @skip-on-coverage ] 1`] = `25890`;

exports[`DataStorageLibrary #getQuoteAtTick gas test [ @skip-on-coverage ] 1`] = `1275`;
