// Jest Snapshot v1, https://goo.gl/fbAQLP

exports[`PoolAddress #computeAddress gas cost [ @skip-on-coverage ] 1`] = `625`;

exports[`PoolAddress #computeAddress matches example from core repo 1`] = `"0xE9790600569C9A67a545c94DA3832F1CE96d1dF3"`;
